Using pre-set license
Built from '2022.3/china_unity/release' branch; Version is '2022.3.23f1c1 (4a0772a0ebd0) revision 4851570'; Using compiler version '192829333'; Build Type 'Release'
OS: 'Windows 11  (10.0.22631) 64bit Professional' Language: 'zh' Physical Memory: 16152 MB
BatchMode: 1, IsHumanControllingUs: 0, StartBugReporterOnCrash: 0, Is64bit: 1, IsPro: 1

COMMAND LINE ARGUMENTS:
D:\Unity\Unity\2022.3.23f1c1\Editor\Unity.exe
-adb2
-batchMode
-noUpm
-name
AssetImportWorker0
-projectPath
C:/Users/李卓轩/Desktop/毕设材料/材料/littleHero/yw
-logFile
Logs/AssetImportWorker0.log
-srvPort
62952
Successfully changed project path to: C:/Users/李卓轩/Desktop/毕设材料/材料/littleHero/yw
C:/Users/李卓轩/Desktop/毕设材料/材料/littleHero/yw
[UnityMemory] Configuration Parameters - Can be set up in boot.config
    "memorysetup-bucket-allocator-granularity=16"
    "memorysetup-bucket-allocator-bucket-count=8"
    "memorysetup-bucket-allocator-block-size=33554432"
    "memorysetup-bucket-allocator-block-count=8"
    "memorysetup-main-allocator-block-size=16777216"
    "memorysetup-thread-allocator-block-size=16777216"
    "memorysetup-gfx-main-allocator-block-size=16777216"
    "memorysetup-gfx-thread-allocator-block-size=16777216"
    "memorysetup-cache-allocator-block-size=4194304"
    "memorysetup-typetree-allocator-block-size=2097152"
    "memorysetup-profiler-bucket-allocator-granularity=16"
    "memorysetup-profiler-bucket-allocator-bucket-count=8"
    "memorysetup-profiler-bucket-allocator-block-size=33554432"
    "memorysetup-profiler-bucket-allocator-block-count=8"
    "memorysetup-profiler-allocator-block-size=16777216"
    "memorysetup-profiler-editor-allocator-block-size=1048576"
    "memorysetup-temp-allocator-size-main=16777216"
    "memorysetup-job-temp-allocator-block-size=2097152"
    "memorysetup-job-temp-allocator-block-size-background=1048576"
    "memorysetup-job-temp-allocator-reduction-small-platforms=262144"
    "memorysetup-allocator-temp-initial-block-size-main=262144"
    "memorysetup-allocator-temp-initial-block-size-worker=262144"
    "memorysetup-temp-allocator-size-background-worker=32768"
    "memorysetup-temp-allocator-size-job-worker=262144"
    "memorysetup-temp-allocator-size-preload-manager=33554432"
    "memorysetup-temp-allocator-size-nav-mesh-worker=65536"
    "memorysetup-temp-allocator-size-audio-worker=65536"
    "memorysetup-temp-allocator-size-cloud-worker=32768"
    "memorysetup-temp-allocator-size-gi-baking-worker=262144"
    "memorysetup-temp-allocator-size-gfx=262144"
Player connection [14288] Host "[IP] 0.0.0.0 [Port] 0 [Flags] 2 [Guid] 2672547594 [EditorId] 2672547594 [Version] 1048832 [Id] WindowsEditor(7,DESKTOP-H05KH7C) [Debug] 1 [PackageName] WindowsEditor [ProjectName] Editor" joined multi-casting on [225.0.0.222:54997]...

Player connection [14288] Host "[IP] 0.0.0.0 [Port] 0 [Flags] 2 [Guid] 2672547594 [EditorId] 2672547594 [Version] 1048832 [Id] WindowsEditor(7,DESKTOP-H05KH7C) [Debug] 1 [PackageName] WindowsEditor [ProjectName] Editor" joined alternative multi-casting on [225.0.0.222:34997]...

[Physics::Module] Initialized MultithreadedJobDispatcher with 7 workers.
Refreshing native plugins compatible for Editor in 163.00 ms, found 4 plugins.
Preloading 0 native plugins for Editor in 0.00 ms.
Initialize engine version: 2022.3.23f1c1 (4a0772a0ebd0)
[Subsystems] Discovering subsystems at path D:/Unity/Unity/2022.3.23f1c1/Editor/Data/Resources/UnitySubsystems
[Subsystems] Discovering subsystems at path C:/Users/李卓轩/Desktop/毕设材料/材料/littleHero/yw/Assets
GfxDevice: creating device client; threaded=0; jobified=0
Direct3D:
    Version:  Direct3D 11.0 [level 11.1]
    Renderer: NVIDIA GeForce MX350 (ID=0x1c94)
    Vendor:   NVIDIA
    VRAM:     1979 MB
    Driver:   30.0.14.7180
Initialize mono
Mono path[0] = 'D:/Unity/Unity/2022.3.23f1c1/Editor/Data/Managed'
Mono path[1] = 'D:/Unity/Unity/2022.3.23f1c1/Editor/Data/MonoBleedingEdge/lib/mono/unityjit-win32'
Mono config path = 'D:/Unity/Unity/2022.3.23f1c1/Editor/Data/MonoBleedingEdge/etc'
Using monoOptions --debugger-agent=transport=dt_socket,embedding=1,server=y,suspend=n,address=127.0.0.1:56292
Begin MonoManager ReloadAssembly
Registering precompiled unity dll's ...
Register platform support module: D:/Unity/Unity/2022.3.23f1c1/Editor/Data/PlaybackEngines/WindowsStandaloneSupport/UnityEditor.WindowsStandalone.Extensions.dll
Registered in 0.018545 seconds.
- Loaded All Assemblies, in  0.835 seconds
Native extension for WindowsStandalone target not found
Mono: successfully reloaded assembly
- Finished resetting the current domain, in  0.521 seconds
Domain Reload Profiling: 1346ms
	BeginReloadAssembly (304ms)
		ExecutionOrderSort (0ms)
		DisableScriptedObjects (0ms)
		BackupInstance (0ms)
		ReleaseScriptingObjects (0ms)
		CreateAndSetChildDomain (1ms)
	RebuildCommonClasses (81ms)
	RebuildNativeTypeToScriptingClass (21ms)
	initialDomainReloadingComplete (143ms)
	LoadAllAssembliesAndSetupDomain (275ms)
		LoadAssemblies (292ms)
		RebuildTransferFunctionScriptingTraits (0ms)
		AnalyzeDomain (272ms)
			TypeCache.Refresh (268ms)
				TypeCache.ScanAssembly (245ms)
			ScanForSourceGeneratedMonoScriptInfo (1ms)
			ResolveRequiredComponents (1ms)
	FinalizeReload (521ms)
		ReleaseScriptCaches (0ms)
		RebuildScriptCaches (0ms)
		SetupLoadedEditorAssemblies (409ms)
			LogAssemblyErrors (0ms)
			InitializePlatformSupportModulesInManaged (15ms)
			SetLoadedEditorAssemblies (15ms)
			RefreshPlugins (0ms)
			BeforeProcessingInitializeOnLoad (4ms)
			ProcessInitializeOnLoadAttributes (269ms)
			ProcessInitializeOnLoadMethodAttributes (105ms)
			AfterProcessingInitializeOnLoad (0ms)
			EditorAssembliesLoaded (0ms)
		ExecutionOrderSort2 (0ms)
		AwakeInstancesAfterBackupRestoration (0ms)
========================================================================
Worker process is ready to serve import requests
Begin MonoManager ReloadAssembly
- Loaded All Assemblies, in  2.638 seconds
Refreshing native plugins compatible for Editor in 84.47 ms, found 4 plugins.
Native extension for WindowsStandalone target not found
Package Manager log level set to [2]
[Package Manager] Server::EnsureServerProcessIsRunning -- launch failed, reason: Unity was launched with the -noUpm command-line argument
[Package Manager] UpmClient::Send -- Unable to send message (not connected to UPM process).
[Package Manager] Cannot connect to Unity Package Manager local server
Mono: successfully reloaded assembly
- Finished resetting the current domain, in  1.511 seconds
Domain Reload Profiling: 4086ms
	BeginReloadAssembly (469ms)
		ExecutionOrderSort (0ms)
		DisableScriptedObjects (13ms)
		BackupInstance (0ms)
		ReleaseScriptingObjects (0ms)
		CreateAndSetChildDomain (48ms)
	RebuildCommonClasses (107ms)
	RebuildNativeTypeToScriptingClass (34ms)
	initialDomainReloadingComplete (179ms)
	LoadAllAssembliesAndSetupDomain (1784ms)
		LoadAssemblies (1504ms)
		RebuildTransferFunctionScriptingTraits (0ms)
		AnalyzeDomain (587ms)
			TypeCache.Refresh (498ms)
				TypeCache.ScanAssembly (454ms)
			ScanForSourceGeneratedMonoScriptInfo (63ms)
			ResolveRequiredComponents (23ms)
	FinalizeReload (1512ms)
		ReleaseScriptCaches (0ms)
		RebuildScriptCaches (0ms)
		SetupLoadedEditorAssemblies (1042ms)
			LogAssemblyErrors (0ms)
			InitializePlatformSupportModulesInManaged (13ms)
			SetLoadedEditorAssemblies (6ms)
			RefreshPlugins (0ms)
			BeforeProcessingInitializeOnLoad (178ms)
			ProcessInitializeOnLoadAttributes (740ms)
			ProcessInitializeOnLoadMethodAttributes (81ms)
			AfterProcessingInitializeOnLoad (23ms)
			EditorAssembliesLoaded (0ms)
		ExecutionOrderSort2 (0ms)
		AwakeInstancesAfterBackupRestoration (39ms)
Launched and connected shader compiler UnityShaderCompiler.exe after 0.11 seconds
Refreshing native plugins compatible for Editor in 52.33 ms, found 4 plugins.
Preloading 0 native plugins for Editor in 0.00 ms.
Unloading 4143 Unused Serialized files (Serialized files now loaded: 0)
Unloading 66 unused Assets / (62.2 KB). Loaded Objects now: 4623.
Memory consumption went from 150.4 MB to 150.4 MB.
Total: 5.392300 ms (FindLiveObjects: 0.703400 ms CreateObjectMapping: 0.258200 ms MarkObjects: 4.152600 ms  DeleteObjects: 0.275500 ms)

AssetImportParameters requested are different than current active one (requested -> active):
  custom:container-demuxer-ogg: 62fdf1f143b41e24485cea50d1cbac27 -> 
  custom:video-decoder-ogg-theora: a1e56fd34408186e4bbccfd4996cb3dc -> 
  custom:framework-win-MediaFoundation: 216162199b28c13a410421893ffa2e32 -> 
  custom:CustomObjectIndexerAttribute: 9a22284fe3817be447336de3de66b15e -> 
  custom:container-demuxer-webm: 4f35f7cbe854078d1ac9338744f61a02 -> 
  custom:container-muxer-webm: aa71ff27fc2769a1b78a27578f13a17b -> 
  custom:video-decoder-webm-vp8: 9c59270c3fd7afecdb556c50c9e8de78 -> 
  custom:SearchIndexIgnoredProperties: e643bd26f0fe6173181afceb89e7c659 -> 
  custom:AudioImporter_EditorPlatform: d09bf68614088b80899f8185d706f6e7 -> 
  custom:video-encoder-webm-vp8: eb34c28f22e8b96e1ab97ce403110664 -> 
  custom:audio-decoder-ogg-vorbis: bf7c407c2cedff20999df2af8eb42d56 -> 
  custom:audio-encoder-webm-vorbis: bf7c407c2cedff20999df2af8eb42d56 -> 
========================================================================
Received Import Request.
  Time since last request: 846869.920049 seconds.
  path: Assets/StreamingAssets/Excel
  artifactKey: Guid(a0a81596e889154468cb26c92a1e0f8c) Importer(815301076,1909f56bfc062723c751e8b465ee728b)
Start importing Assets/StreamingAssets/Excel using Guid(a0a81596e889154468cb26c92a1e0f8c) Importer(815301076,1909f56bfc062723c751e8b465ee728b)  -> (artifact id: '6905e92c2015c0ca6c6321d32b1a09af') in 0.004799 seconds
Number of updated asset objects reloaded before import = 0
Number of asset objects unloaded after import = 0
========================================================================
Received Import Request.
  Time since last request: 0.019707 seconds.
  path: Assets/StreamingAssets
  artifactKey: Guid(86f4f4a41eac8fc42a007520e08202c8) Importer(815301076,1909f56bfc062723c751e8b465ee728b)
Start importing Assets/StreamingAssets using Guid(86f4f4a41eac8fc42a007520e08202c8) Importer(815301076,1909f56bfc062723c751e8b465ee728b)  -> (artifact id: 'ed54dcd98647a17e0ad9ac964f8747a4') in 0.001096 seconds
Number of updated asset objects reloaded before import = 0
Number of asset objects unloaded after import = 0
========================================================================
Received Import Request.
  Time since last request: 27.379701 seconds.
  path: Assets/Scripts/Coin&Shop/CoinControl.cs
  artifactKey: Guid(0b646e0baf9b3514bb9237c04f4ebf89) Importer(815301076,1909f56bfc062723c751e8b465ee728b)
Start importing Assets/Scripts/Coin&Shop/CoinControl.cs using Guid(0b646e0baf9b3514bb9237c04f4ebf89) Importer(815301076,1909f56bfc062723c751e8b465ee728b)  -> (artifact id: '36b7d007a6fccf9b37e931bd98969597') in 0.001125 seconds
Number of updated asset objects reloaded before import = 0
Number of asset objects unloaded after import = 0
========================================================================
Received Import Request.
  Time since last request: 74.245538 seconds.
  path: Assets/Fonts/Bow/IS - Arrow 568.png
  artifactKey: Guid(38dc82d89995c9044a039a28f6188ba8) Importer(815301076,1909f56bfc062723c751e8b465ee728b)
Start importing Assets/Fonts/Bow/IS - Arrow 568.png using Guid(38dc82d89995c9044a039a28f6188ba8) Importer(815301076,1909f56bfc062723c751e8b465ee728b)  -> (artifact id: 'd67d4bce85a173cf147cfe02a50a5874') in 0.135911 seconds
Number of updated asset objects reloaded before import = 0
Number of asset objects unloaded after import = 3
========================================================================
Received Import Request.
  Time since last request: 7.280735 seconds.
  path: Assets/Fonts/Bow/IS - Bow 472-1.png
  artifactKey: Guid(daaaed4875ce2224ca90d255a23fb995) Importer(815301076,1909f56bfc062723c751e8b465ee728b)
Start importing Assets/Fonts/Bow/IS - Bow 472-1.png using Guid(daaaed4875ce2224ca90d255a23fb995) Importer(815301076,1909f56bfc062723c751e8b465ee728b)  -> (artifact id: 'c8b6ae4df64ce021e568554eb8fbf2c2') in 0.019134 seconds
Number of updated asset objects reloaded before import = 0
Number of asset objects unloaded after import = 3
========================================================================
Received Import Request.
  Time since last request: 5.935594 seconds.
  path: Assets/Fonts
  artifactKey: Guid(784d9b54deff7044cb6bc17ad66c3d18) Importer(815301076,1909f56bfc062723c751e8b465ee728b)
Start importing Assets/Fonts using Guid(784d9b54deff7044cb6bc17ad66c3d18) Importer(815301076,1909f56bfc062723c751e8b465ee728b)  -> (artifact id: 'ad8d2b29a7369698365fabd2d8695e74') in 0.000916 seconds
Number of updated asset objects reloaded before import = 0
Number of asset objects unloaded after import = 0
========================================================================
Received Import Request.
  Time since last request: 14.501072 seconds.
  path: Assets/Resources/ExcelToJson/Editor/ExcelToJson.cs
  artifactKey: Guid(711cacc3147dba249adb6276092e75a9) Importer(815301076,1909f56bfc062723c751e8b465ee728b)
Start importing Assets/Resources/ExcelToJson/Editor/ExcelToJson.cs using Guid(711cacc3147dba249adb6276092e75a9) Importer(815301076,1909f56bfc062723c751e8b465ee728b)  -> (artifact id: '69b3cd95beb1e4cfd80b4cb97759c2ed') in 0.001908 seconds
Number of updated asset objects reloaded before import = 0
Number of asset objects unloaded after import = 0
========================================================================
Received Import Request.
  Time since last request: 34.732764 seconds.
  path: Assets/Resources/ExcelToJson/Plugins/ExcelDataReader/ExcelDataReader.DataSet.dll
  artifactKey: Guid(fdedf494b0dab1c4f945a9cc3dfe2ccc) Importer(815301076,1909f56bfc062723c751e8b465ee728b)
Start importing Assets/Resources/ExcelToJson/Plugins/ExcelDataReader/ExcelDataReader.DataSet.dll using Guid(fdedf494b0dab1c4f945a9cc3dfe2ccc) Importer(815301076,1909f56bfc062723c751e8b465ee728b)  -> (artifact id: 'd117c653f5b5776a03ab1aa5691e6863') in 0.001488 seconds
Number of updated asset objects reloaded before import = 0
Number of asset objects unloaded after import = 0
========================================================================
Received Import Request.
  Time since last request: 10.521235 seconds.
  path: Assets/Resources/ExcelToJson/Plugins/ExcelDataReader/ExcelDataReader.DataSet.dll.mdb
  artifactKey: Guid(5b87dbd17abf3e742ab088482db6fca9) Importer(815301076,1909f56bfc062723c751e8b465ee728b)
Start importing Assets/Resources/ExcelToJson/Plugins/ExcelDataReader/ExcelDataReader.DataSet.dll.mdb using Guid(5b87dbd17abf3e742ab088482db6fca9) Importer(815301076,1909f56bfc062723c751e8b465ee728b)  -> (artifact id: 'f91dd99f2b59cf291ea61c8dae34c28f') in 0.002464 seconds
Number of updated asset objects reloaded before import = 0
Number of asset objects unloaded after import = 1
========================================================================
Received Import Request.
  Time since last request: 2.825319 seconds.
  path: Assets/Resources/ExcelToJson/Plugins/ExcelDataReader/ExcelDataReader.DataSet.pdb
  artifactKey: Guid(8ea5a917e1853ac46b957ee35ef38a32) Importer(815301076,1909f56bfc062723c751e8b465ee728b)
Start importing Assets/Resources/ExcelToJson/Plugins/ExcelDataReader/ExcelDataReader.DataSet.pdb using Guid(8ea5a917e1853ac46b957ee35ef38a32) Importer(815301076,1909f56bfc062723c751e8b465ee728b)  -> (artifact id: '2e635769c8436906159a25fb0143a8f6') in 0.002494 seconds
Number of updated asset objects reloaded before import = 0
Number of asset objects unloaded after import = 1
========================================================================
Received Import Request.
  Time since last request: 2.343445 seconds.
  path: Assets/Resources/ExcelToJson/Plugins/ExcelDataReader/ExcelDataReader.DataSet.xml
  artifactKey: Guid(63074f4d802a85442b914fe0fb7e11bf) Importer(815301076,1909f56bfc062723c751e8b465ee728b)
Start importing Assets/Resources/ExcelToJson/Plugins/ExcelDataReader/ExcelDataReader.DataSet.xml using Guid(63074f4d802a85442b914fe0fb7e11bf) Importer(815301076,1909f56bfc062723c751e8b465ee728b)  -> (artifact id: '059a7f667632c7dc177596b0ae68463a') in 0.003338 seconds
Number of updated asset objects reloaded before import = 0
Number of asset objects unloaded after import = 1
========================================================================
Received Import Request.
  Time since last request: 31.294260 seconds.
  path: Assets/Scripts/Others/DontChange.cs
  artifactKey: Guid(1898c84c228bd3543a46e118fd21fc9b) Importer(815301076,1909f56bfc062723c751e8b465ee728b)
Start importing Assets/Scripts/Others/DontChange.cs using Guid(1898c84c228bd3543a46e118fd21fc9b) Importer(815301076,1909f56bfc062723c751e8b465ee728b)  -> (artifact id: '0fbbf1689c63e41414bca40586778093') in 0.001580 seconds
Number of updated asset objects reloaded before import = 0
Number of asset objects unloaded after import = 0
========================================================================
Received Import Request.
  Time since last request: 1.806838 seconds.
  path: Assets/Scripts/Others/GlobalTest.cs
  artifactKey: Guid(14357ed5cc91acb428b47e4557a7b840) Importer(815301076,1909f56bfc062723c751e8b465ee728b)
Start importing Assets/Scripts/Others/GlobalTest.cs using Guid(14357ed5cc91acb428b47e4557a7b840) Importer(815301076,1909f56bfc062723c751e8b465ee728b)  -> (artifact id: '1d3a34427eee83a2c2f77d29ff87f59c') in 0.001205 seconds
Number of updated asset objects reloaded before import = 0
Number of asset objects unloaded after import = 0
========================================================================
Received Import Request.
  Time since last request: 0.868793 seconds.
  path: Assets/Scripts/Others/GlodBoxControl.cs
  artifactKey: Guid(470b6bedcde4fd8468504d241910f9bd) Importer(815301076,1909f56bfc062723c751e8b465ee728b)
Start importing Assets/Scripts/Others/GlodBoxControl.cs using Guid(470b6bedcde4fd8468504d241910f9bd) Importer(815301076,1909f56bfc062723c751e8b465ee728b)  -> (artifact id: '2f7bc593138e5610fc8bce47914d3b56') in 0.000931 seconds
Number of updated asset objects reloaded before import = 0
Number of asset objects unloaded after import = 0
========================================================================
Received Import Request.
  Time since last request: 1.507888 seconds.
  path: Assets/Scripts/Others/PanelControl.cs
  artifactKey: Guid(b202d57468c31e749a435e3c53974fd1) Importer(815301076,1909f56bfc062723c751e8b465ee728b)
Start importing Assets/Scripts/Others/PanelControl.cs using Guid(b202d57468c31e749a435e3c53974fd1) Importer(815301076,1909f56bfc062723c751e8b465ee728b)  -> (artifact id: '8a2952b610c7384dd979bad434d8fa6c') in 0.001910 seconds
Number of updated asset objects reloaded before import = 0
Number of asset objects unloaded after import = 0
========================================================================
Received Import Request.
  Time since last request: 12.893185 seconds.
  path: Assets/Scripts/Others/PlatformControl.cs
  artifactKey: Guid(f41e59b7bd1173741ba752a31930787e) Importer(815301076,1909f56bfc062723c751e8b465ee728b)
Start importing Assets/Scripts/Others/PlatformControl.cs using Guid(f41e59b7bd1173741ba752a31930787e) Importer(815301076,1909f56bfc062723c751e8b465ee728b)  -> (artifact id: 'baf1e10ed26c640e3697566b3efb6e6c') in 0.001086 seconds
Number of updated asset objects reloaded before import = 0
Number of asset objects unloaded after import = 0
========================================================================
Received Import Request.
  Time since last request: 1.236894 seconds.
  path: Assets/Scripts/Others/StartControl.cs
  artifactKey: Guid(0f06306ebda631c48b591e274dfa1f97) Importer(815301076,1909f56bfc062723c751e8b465ee728b)
Start importing Assets/Scripts/Others/StartControl.cs using Guid(0f06306ebda631c48b591e274dfa1f97) Importer(815301076,1909f56bfc062723c751e8b465ee728b)  -> (artifact id: '2eb9ebf93e73f3a3f789e2668b31ab59') in 0.001336 seconds
Number of updated asset objects reloaded before import = 0
Number of asset objects unloaded after import = 0
========================================================================
Received Import Request.
  Time since last request: 5.318210 seconds.
  path: Assets/Scripts/Player/PlayerDataShow.cs
  artifactKey: Guid(76b17c53350f5b040b54ffa14d812e69) Importer(815301076,1909f56bfc062723c751e8b465ee728b)
Start importing Assets/Scripts/Player/PlayerDataShow.cs using Guid(76b17c53350f5b040b54ffa14d812e69) Importer(815301076,1909f56bfc062723c751e8b465ee728b)  -> (artifact id: 'd35853834708a5c66efd094dff69d6ac') in 0.001774 seconds
Number of updated asset objects reloaded before import = 0
Number of asset objects unloaded after import = 0
========================================================================
Received Import Request.
  Time since last request: 27.600389 seconds.
  path: Assets/Scripts/Player/PlayerDetailShow.cs
  artifactKey: Guid(2c0fc25a68ea27f47b9b01d7bc41d090) Importer(815301076,1909f56bfc062723c751e8b465ee728b)
Start importing Assets/Scripts/Player/PlayerDetailShow.cs using Guid(2c0fc25a68ea27f47b9b01d7bc41d090) Importer(815301076,1909f56bfc062723c751e8b465ee728b)  -> (artifact id: '7ea1c58113590e896ec3f0c8714bf8fd') in 0.002054 seconds
Number of updated asset objects reloaded before import = 0
Number of asset objects unloaded after import = 0
